Archive member included to satisfy reference by file (symbol)

/Users/mac/Library/Application Support/stm32cube/bundles/gnu-tools-for-stm32/13.3.1+st.8/bin/../lib/gcc/arm-none-eabi/13.3.1/../../../../arm-none-eabi/lib/thumb/v7e-m+fp/hard/libc_nano.a(libc_a-exit.o)
                              /Users/mac/Library/Application Support/stm32cube/bundles/gnu-tools-for-stm32/13.3.1+st.8/bin/../lib/gcc/arm-none-eabi/13.3.1/../../../../arm-none-eabi/lib/thumb/v7e-m+fp/hard/crt0.o (exit)
/Users/mac/Library/Application Support/stm32cube/bundles/gnu-tools-for-stm32/13.3.1+st.8/bin/../lib/gcc/arm-none-eabi/13.3.1/../../../../arm-none-eabi/lib/thumb/v7e-m+fp/hard/libc_nano.a(libc_a-findfp.o)
                              /Users/mac/Library/Application Support/stm32cube/bundles/gnu-tools-for-stm32/13.3.1+st.8/bin/../lib/gcc/arm-none-eabi/13.3.1/../../../../arm-none-eabi/lib/thumb/v7e-m+fp/hard/libc_nano.a(libc_a-exit.o) (__stdio_exit_handler)
/Users/mac/Library/Application Support/stm32cube/bundles/gnu-tools-for-stm32/13.3.1+st.8/bin/../lib/gcc/arm-none-eabi/13.3.1/../../../../arm-none-eabi/lib/thumb/v7e-m+fp/hard/libc_nano.a(libc_a-fwalk.o)
                              /Users/mac/Library/Application Support/stm32cube/bundles/gnu-tools-for-stm32/13.3.1+st.8/bin/../lib/gcc/arm-none-eabi/13.3.1/../../../../arm-none-eabi/lib/thumb/v7e-m+fp/hard/libc_nano.a(libc_a-findfp.o) (_fwalk_sglue)
/Users/mac/Library/Application Support/stm32cube/bundles/gnu-tools-for-stm32/13.3.1+st.8/bin/../lib/gcc/arm-none-eabi/13.3.1/../../../../arm-none-eabi/lib/thumb/v7e-m+fp/hard/libc_nano.a(libc_a-memset.o)
                              /Users/mac/Library/Application Support/stm32cube/bundles/gnu-tools-for-stm32/13.3.1+st.8/bin/../lib/gcc/arm-none-eabi/13.3.1/../../../../arm-none-eabi/lib/thumb/v7e-m+fp/hard/crt0.o (memset)
/Users/mac/Library/Application Support/stm32cube/bundles/gnu-tools-for-stm32/13.3.1+st.8/bin/../lib/gcc/arm-none-eabi/13.3.1/../../../../arm-none-eabi/lib/thumb/v7e-m+fp/hard/libc_nano.a(libc_a-init.o)
                              /Users/mac/Library/Application Support/stm32cube/bundles/gnu-tools-for-stm32/13.3.1+st.8/bin/../lib/gcc/arm-none-eabi/13.3.1/../../../../arm-none-eabi/lib/thumb/v7e-m+fp/hard/crt0.o (__libc_init_array)
/Users/mac/Library/Application Support/stm32cube/bundles/gnu-tools-for-stm32/13.3.1+st.8/bin/../lib/gcc/arm-none-eabi/13.3.1/../../../../arm-none-eabi/lib/thumb/v7e-m+fp/hard/libc_nano.a(libc_a-lock.o)
                              /Users/mac/Library/Application Support/stm32cube/bundles/gnu-tools-for-stm32/13.3.1+st.8/bin/../lib/gcc/arm-none-eabi/13.3.1/../../../../arm-none-eabi/lib/thumb/v7e-m+fp/hard/libc_nano.a(libc_a-findfp.o) (__retarget_lock_init_recursive)
/Users/mac/Library/Application Support/stm32cube/bundles/gnu-tools-for-stm32/13.3.1+st.8/bin/../lib/gcc/arm-none-eabi/13.3.1/../../../../arm-none-eabi/lib/thumb/v7e-m+fp/hard/libc_nano.a(libc_a-impure.o)
                              /Users/mac/Library/Application Support/stm32cube/bundles/gnu-tools-for-stm32/13.3.1+st.8/bin/../lib/gcc/arm-none-eabi/13.3.1/../../../../arm-none-eabi/lib/thumb/v7e-m+fp/hard/libc_nano.a(libc_a-findfp.o) (_impure_data)
/Users/mac/Library/Application Support/stm32cube/bundles/gnu-tools-for-stm32/13.3.1+st.8/bin/../lib/gcc/arm-none-eabi/13.3.1/../../../../arm-none-eabi/lib/thumb/v7e-m+fp/hard/libc_nano.a(libc_a-mallocr.o)
                              /Users/mac/Library/Application Support/stm32cube/bundles/gnu-tools-for-stm32/13.3.1+st.8/bin/../lib/gcc/arm-none-eabi/13.3.1/../../../../arm-none-eabi/lib/thumb/v7e-m+fp/hard/libc_nano.a(libc_a-findfp.o) (_malloc_r)
/Users/mac/Library/Application Support/stm32cube/bundles/gnu-tools-for-stm32/13.3.1+st.8/bin/../lib/gcc/arm-none-eabi/13.3.1/../../../../arm-none-eabi/lib/thumb/v7e-m+fp/hard/libc_nano.a(libc_a-fflush.o)
                              /Users/mac/Library/Application Support/stm32cube/bundles/gnu-tools-for-stm32/13.3.1+st.8/bin/../lib/gcc/arm-none-eabi/13.3.1/../../../../arm-none-eabi/lib/thumb/v7e-m+fp/hard/libc_nano.a(libc_a-findfp.o) (_fflush_r)
/Users/mac/Library/Application Support/stm32cube/bundles/gnu-tools-for-stm32/13.3.1+st.8/bin/../lib/gcc/arm-none-eabi/13.3.1/../../../../arm-none-eabi/lib/thumb/v7e-m+fp/hard/libc_nano.a(libc_a-mlock.o)
                              /Users/mac/Library/Application Support/stm32cube/bundles/gnu-tools-for-stm32/13.3.1+st.8/bin/../lib/gcc/arm-none-eabi/13.3.1/../../../../arm-none-eabi/lib/thumb/v7e-m+fp/hard/libc_nano.a(libc_a-mallocr.o) (__malloc_lock)
/Users/mac/Library/Application Support/stm32cube/bundles/gnu-tools-for-stm32/13.3.1+st.8/bin/../lib/gcc/arm-none-eabi/13.3.1/../../../../arm-none-eabi/lib/thumb/v7e-m+fp/hard/libc_nano.a(libc_a-stdio.o)
                              /Users/mac/Library/Application Support/stm32cube/bundles/gnu-tools-for-stm32/13.3.1+st.8/bin/../lib/gcc/arm-none-eabi/13.3.1/../../../../arm-none-eabi/lib/thumb/v7e-m+fp/hard/libc_nano.a(libc_a-findfp.o) (__sread)
[...]
Memory Configuration

Name             Origin             Length             Attributes
FLASH            0x08100000         0x00100000         xr
RAM              0x10000000         0x00048000         xrw
*default*        0x00000000         0xffffffff

Linker script and memory map

LOAD /Users/mac/Library/Application Support/stm32cube/bundles/gnu-tools-for-stm32/13.3.1+st.8/bin/../lib/gcc/arm-none-eabi/13.3.1/thumb/v7e-m+fp/hard/crti.o
LOAD /Users/mac/Library/Application Support/stm32cube/bundles/gnu-tools-for-stm32/13.3.1+st.8/bin/../lib/gcc/arm-none-eabi/13.3.1/thumb/v7e-m+fp/hard/crtbegin.o
LOAD /Users/mac/Library/Application Support/stm32cube/bundles/gnu-tools-for-stm32/13.3.1+st.8/bin/../lib/gcc/arm-none-eabi/13.3.1/../../../../arm-none-eabi/lib/thumb/v7e-m+fp/hard/crt0.o
START GROUP
LOAD /Users/mac/Library/Application Support/stm32cube/bundles/gnu-tools-for-stm32/13.3.1+st.8/bin/../lib/gcc/arm-none-eabi/13.3.1/../../../../arm-none-eabi/lib/thumb/v7e-m+fp/hard/libc_nano.a
LOAD /Users/mac/Library/Application Support/stm32cube/bundles/gnu-tools-for-stm32/13.3.1+st.8/bin/../lib/gcc/arm-none-eabi/13.3.1/../../../../arm-none-eabi/lib/thumb/v7e-m+fp/hard/libm.a
END GROUP
LOAD CMakeFiles/STM32_Drivers.dir/Users/mac/Documents/again_try/Common/Src/system_stm32h7xx_dualcore_boot_cm4_cm7.c.obj
LOAD CMakeFiles/STM32_Drivers.dir/Users/mac/Documents/again_try/Drivers/STM32H7xx_HAL_Driver/Src/stm32h7xx_hal_rcc.c.obj
LOAD CMakeFiles/STM32_Drivers.dir/Users/mac/Documents/again_try/Drivers/STM32H7xx_HAL_Driver/Src/stm32h7xx_hal_rcc_ex.c.obj
LOAD CMakeFiles/STM32_Drivers.dir/Users/mac/Documents/again_try/Drivers/STM32H7xx_HAL_Driver/Src/stm32h7xx_hal_flash.c.obj
LOAD CMakeFiles/STM32_Drivers.dir/Users/mac/Documents/again_try/Drivers/STM32H7xx_HAL_Driver/Src/stm32h7xx_hal_flash_ex.c.obj
LOAD CMakeFiles/STM32_Drivers.dir/Users/mac/Documents/again_try/Drivers/STM32H7xx_HAL_Driver/Src/stm32h7xx_hal_gpio.c.obj
LOAD CMakeFiles/STM32_Drivers.dir/Users/mac/Documents/again_try/Drivers/STM32H7xx_HAL_Driver/Src/stm32h7xx_hal_hsem.c.obj
LOAD CMakeFiles/STM32_Drivers.dir/Users/mac/Documents/again_try/Drivers/STM32H7xx_HAL_Driver/Src/stm32h7xx_hal_dma.c.obj
LOAD CMakeFiles/STM32_Drivers.dir/Users/mac/Documents/again_try/Drivers/STM32H7xx_HAL_Driver/Src/stm32h7xx_hal_dma_ex.c.obj
LOAD CMakeFiles/STM32_Drivers.dir/Users/mac/Documents/again_try/Drivers/STM32H7xx_HAL_Driver/Src/stm32h7xx_hal_mdma.c.obj
LOAD CMakeFiles/STM32_Drivers.dir/Users/mac/Documents/again_try/Drivers/STM32H7xx_HAL_Driver/Src/stm32h7xx_hal_pwr.c.obj
LOAD CMakeFiles/STM32_Drivers.dir/Users/mac/Documents/again_try/Drivers/STM32H7xx_HAL_Driver/Src/stm32h7xx_hal_pwr_ex.c.obj
LOAD CMakeFiles/STM32_Drivers.dir/Users/mac/Documents/again_try/Drivers/STM32H7xx_HAL_Driver/Src/stm32h7xx_hal_cortex.c.obj
LOAD CMakeFiles/STM32_Drivers.dir/Users/mac/Documents/again_try/Drivers/STM32H7xx_HAL_Driver/Src/stm32h7xx_hal.c.obj
LOAD CMakeFiles/STM32_Drivers.dir/Users/mac/Documents/again_try/Drivers/STM32H7xx_HAL_Driver/Src/stm32h7xx_hal_i2c.c.obj
LOAD CMakeFiles/STM32_Drivers.dir/Users/mac/Documents/again_try/Drivers/STM32H7xx_HAL_Driver/Src/stm32h7xx_hal_i2c_ex.c.obj
LOAD CMakeFiles/STM32_Drivers.dir/Users/mac/Documents/again_try/Drivers/STM32H7xx_HAL_Driver/Src/stm32h7xx_hal_exti.c.obj
LOAD CMakeFiles/again_try_CM4.dir/Core/Src/main.c.obj
LOAD CMakeFiles/again_try_CM4.dir/Core/Src/stm32h7xx_it.c.obj
LOAD CMakeFiles/again_try_CM4.dir/Core/Src/stm32h7xx_hal_msp.c.obj
LOAD CMakeFiles/again_try_CM4.dir/Core/Src/sysmem.c.obj
LOAD CMakeFiles/again_try_CM4.dir/Core/Src/syscalls.c.obj
LOAD CMakeFiles/again_try_CM4.dir/Core/Startup/startup_stm32h757xx_CM4.s.obj
START GROUP
LOAD /Users/mac/Library/Application Support/stm32cube/bundles/gnu-tools-for-stm32/13.3.1+st.8/bin/../lib/gcc/arm-none-eabi/13.3.1/thumb/v7e-m+fp/hard/libgcc.a
LOAD /Users/mac/Library/Application Support/stm32cube/bundles/gnu-tools-for-stm32/13.3.1+st.8/bin/../lib/gcc/arm-none-eabi/13.3.1/../../../../arm-none-eabi/lib/thumb/v7e-m+fp/hard/libg_nano.a
LOAD /Users/mac/Library/Application Support/stm32cube/bundles/gnu-tools-for-stm32/13.3.1+st.8/bin/../lib/gcc/arm-none-eabi/13.3.1/../../../../arm-none-eabi/lib/thumb/v7e-m+fp/hard/libc_nano.a
END GROUP
START GROUP
LOAD /Users/mac/Library/Application Support/stm32cube/bundles/gnu-tools-for-stm32/13.3.1+st.8/bin/../lib/gcc/arm-none-eabi/13.3.1/thumb/v7e-m+fp/hard/libgcc.a
LOAD /Users/mac/Library/Application Support/stm32cube/bundles/gnu-tools-for-stm32/13.3.1+st.8/bin/../lib/gcc/arm-none-eabi/13.3.1/../../../../arm-none-eabi/lib/thumb/v7e-m+fp/hard/libc_nano.a
END GROUP
LOAD /Users/mac/Library/Application Support/stm32cube/bundles/gnu-tools-for-stm32/13.3.1+st.8/bin/../lib/gcc/arm-none-eabi/13.3.1/thumb/v7e-m+fp/hard/crtend.o
LOAD /Users/mac/Library/Application Support/stm32cube/bundles/gnu-tools-for-stm32/13.3.1+st.8/bin/../lib/gcc/arm-none-eabi/13.3.1/thumb/v7e-m+fp/hard/crtn.o
                0x10048000                        _estack = 0x10048000
                0x00000200                        _Min_Heap_Size = 0x200
                0x00000400                        _Min_Stack_Size = 0x400

.isr_vector     0x08100000      0x298
                0x08100000                        . = ALIGN (0x4)
 *(.isr_vector)
 .isr_vector    0x08100000      0x298 CMakeFiles/again_try_CM4.dir/Core/Startup/startup_stm32h757xx_CM4.s.obj
                0x08100000                g_pfnVectors
                0x08100298                        . = ALIGN (0x4)

.text           0x08100298      0x91c
                0x08100298                        . = ALIGN (0x4)
 *(.text)
 .text          0x08100298       0x40 /Users/mac/Library/Application Support/stm32cube/bundles/gnu-tools-for-stm32/13.3.1+st.8/bin/../lib/gcc/arm-none-eabi/13.3.1/thumb/v7e-m+fp/hard/crtbegin.o
 *(.text*)
 .text.__libc_init_array
                0x081002d8       0x48 /Users/mac/Library/Application Support/stm32cube/bundles/gnu-tools-for-stm32/13.3.1+st.8/bin/../lib/gcc/arm-none-eabi/13.3.1/../../../../arm-none-eabi/lib/thumb/v7e-m+fp/hard/libc_nano.a(libc_a-init.o)
                0x081002d8                __libc_init_array
 .text.SystemInit
                0x08100320       0x30 CMakeFiles/STM32_Drivers.dir/Users/mac/Documents/again_try/Common/Src/system_stm32h7xx_dualcore_boot_cm4_cm7.c.obj
                0x08100320                SystemInit
 .text.ExitRun0Mode
                0x08100350       0x30 CMakeFiles/STM32_Drivers.dir/Users/mac/Documents/again_try/Common/Src/system_stm32h7xx_dualcore_boot_cm4_cm7.c.obj
                0x08100350                ExitRun0Mode
 .text.HAL_RCC_GetSysClockFreq
                0x08100380      0x2f4 CMakeFiles/STM32_Drivers.dir/Users/mac/Documents/again_try/Drivers/STM32H7xx_HAL_Driver/Src/stm32h7xx_hal_rcc.c.obj
                0x08100380                HAL_RCC_GetSysClockFreq
 .text.HAL_HSEM_IRQHandler
                0x08100674       0x34 CMakeFiles/STM32_Drivers.dir/Users/mac/Documents/again_try/Drivers/STM32H7xx_HAL_Driver/Src/stm32h7xx_hal_hsem.c.obj
                0x08100674                HAL_HSEM_IRQHandler
 .text.HAL_HSEM_FreeCallback
                0x081006a8       0x14 CMakeFiles/STM32_Drivers.dir/Users/mac/Documents/again_try/Drivers/STM32H7xx_HAL_Driver/Src/stm32h7xx_hal_hsem.c.obj
                0x081006a8                HAL_HSEM_FreeCallback
 .text.__NVIC_SetPriorityGrouping
                0x081006bc       0x48 CMakeFiles/STM32_Drivers.dir/Users/mac/Documents/again_try/Drivers/STM32H7xx_HAL_Driver/Src/stm32h7xx_hal_cortex.c.obj
 .text.__NVIC_GetPriorityGrouping
                0x08100704       0x1c CMakeFiles/STM32_Drivers.dir/Users/mac/Documents/again_try/Drivers/STM32H7xx_HAL_Driver/Src/stm32h7xx_hal_cortex.c.obj
 .text.__NVIC_EnableIRQ
                0x08100720       0x3c CMakeFiles/STM32_Drivers.dir/Users/mac/Documents/again_try/Drivers/STM32H7xx_HAL_Driver/Src/stm32h7xx_hal_cortex.c.obj
 .text.__NVIC_SetPriority
                0x0810075c       0x54 CMakeFiles/STM32_Drivers.dir/Users/mac/Documents/again_try/Drivers/STM32H7xx_HAL_Driver/Src/stm32h7xx_hal_cortex.c.obj
 .text.NVIC_EncodePriority
                0x081007b0       0x66 CMakeFiles/STM32_Drivers.dir/Users/mac/Documents/again_try/Drivers/STM32H7xx_HAL_Driver/Src/stm32h7xx_hal_cortex.c.obj
 *fill*         0x08100816        0x2 
 .text.SysTick_Config
                0x08100818       0x44 CMakeFiles/STM32_Drivers.dir/Users/mac/Documents/again_try/Drivers/STM32H7xx_HAL_Driver/Src/stm32h7xx_hal_cortex.c.obj
 .text.HAL_NVIC_SetPriorityGrouping
                0x0810085c       0x16 CMakeFiles/STM32_Drivers.dir/Users/mac/Documents/again_try/Drivers/STM32H7xx_HAL_Driver/Src/stm32h7xx_hal_cortex.c.obj
                0x0810085c                HAL_NVIC_SetPriorityGrouping
 .text.HAL_NVIC_SetPriority
                0x08100872       0x34 CMakeFiles/STM32_Drivers.dir/Users/mac/Documents/again_try/Drivers/STM32H7xx_HAL_Driver/Src/stm32h7xx_hal_cortex.c.obj
                0x08100872                HAL_NVIC_SetPriority
 .text.HAL_NVIC_EnableIRQ
                0x081008a6       0x1c CMakeFiles/STM32_Drivers.dir/Users/mac/Documents/again_try/Drivers/STM32H7xx_HAL_Driver/Src/stm32h7xx_hal_cortex.c.obj
                0x081008a6                HAL_NVIC_EnableIRQ
 .text.HAL_SYSTICK_Config
                0x081008c2       0x18 CMakeFiles/STM32_Drivers.dir/Users/mac/Documents/again_try/Drivers/STM32H7xx_HAL_Driver/Src/stm32h7xx_hal_cortex.c.obj
                0x081008c2                HAL_SYSTICK_Config
 *fill*         0x081008da        0x2 
 .text.HAL_Init
                0x081008dc       0xbc CMakeFiles/STM32_Drivers.dir/Users/mac/Documents/again_try/Drivers/STM32H7xx_HAL_Driver/Src/stm32h7xx_hal.c.obj
                0x081008dc                HAL_Init
 .text.HAL_InitTick
                0x08100998       0x6c CMakeFiles/STM32_Drivers.dir/Users/mac/Documents/again_try/Drivers/STM32H7xx_HAL_Driver/Src/stm32h7xx_hal.c.obj
                0x08100998                HAL_InitTick
 .text.HAL_IncTick
                0x08100a04       0x28 CMakeFiles/STM32_Drivers.dir/Users/mac/Documents/again_try/Drivers/STM32H7xx_HAL_Driver/Src/stm32h7xx_hal.c.obj
                0x08100a04                HAL_IncTick
 .text.main     0x08100a2c       0x16 CMakeFiles/again_try_CM4.dir/Core/Src/main.c.obj
                0x08100a2c                main
 *fill*         0x08100a42        0x2 
 .text.MX_DMA_Init
                0x08100a44       0x54 CMakeFiles/again_try_CM4.dir/Core/Src/main.c.obj
 .text.NMI_Handler
                0x08100a98        0x8 CMakeFiles/again_try_CM4.dir/Core/Src/stm32h7xx_it.c.obj
                0x08100a98                NMI_Handler
 .text.HardFault_Handler
                0x08100aa0        0x8 CMakeFiles/again_try_CM4.dir/Core/Src/stm32h7xx_it.c.obj
                0x08100aa0                HardFault_Handler
 .text.MemManage_Handler
                0x08100aa8        0x8 CMakeFiles/again_try_CM4.dir/Core/Src/stm32h7xx_it.c.obj
                0x08100aa8                MemManage_Handler
 .text.BusFault_Handler
                0x08100ab0        0x8 CMakeFiles/again_try_CM4.dir/Core/Src/stm32h7xx_it.c.obj
                0x08100ab0                BusFault_Handler
 .text.UsageFault_Handler
                0x08100ab8        0x8 CMakeFiles/again_try_CM4.dir/Core/Src/stm32h7xx_it.c.obj
                0x08100ab8                UsageFault_Handler
 .text.SVC_Handler
                0x08100ac0        0xe CMakeFiles/again_try_CM4.dir/Core/Src/stm32h7xx_it.c.obj
                0x08100ac0                SVC_Handler
 .text.DebugMon_Handler
                0x08100ace        0xe CMakeFiles/again_try_CM4.dir/Core/Src/stm32h7xx_it.c.obj
                0x08100ace                DebugMon_Handler
 .text.PendSV_Handler
                0x08100adc        0xe CMakeFiles/again_try_CM4.dir/Core/Src/stm32h7xx_it.c.obj
                0x08100adc                PendSV_Handler
 .text.SysTick_Handler
                0x08100aea        0xc CMakeFiles/again_try_CM4.dir/Core/Src/stm32h7xx_it.c.obj
                0x08100aea                SysTick_Handler
 .text.HSEM2_IRQHandler
                0x08100af6        0xc CMakeFiles/again_try_CM4.dir/Core/Src/stm32h7xx_it.c.obj
                0x08100af6                HSEM2_IRQHandler
 *fill*         0x08100b02        0x2 
 .text.HAL_MspInit
                0x08100b04       0x40 CMakeFiles/again_try_CM4.dir/Core/Src/stm32h7xx_hal_msp.c.obj
                0x08100b04                HAL_MspInit
 .text.Reset_Handler
                0x08100b44       0x54 CMakeFiles/again_try_CM4.dir/Core/Startup/startup_stm32h757xx_CM4.s.obj
                0x08100b44                Reset_Handler
 .text.Default_Handler
                0x08100b98        0x2 CMakeFiles/again_try_CM4.dir/Core/Startup/startup_stm32h757xx_CM4.s.obj
                0x08100b98                DMA1_Stream3_IRQHandler
                0x08100b98                HASH_RNG_IRQHandler
                0x08100b98                EXTI2_IRQHandler
                0x08100b98                TIM8_CC_IRQHandler
                0x08100b98                HRTIM1_Master_IRQHandler
                0x08100b98                UART8_IRQHandler
                0x08100b98                SPI4_IRQHandler
                0x08100b98                TIM1_CC_IRQHandler
                0x08100b98                BDMA_Channel6_IRQHandler
                0x08100b98                DMA2_Stream5_IRQHandler
                0x08100b98                HRTIM1_FLT_IRQHandler
                0x08100b98                JPEG_IRQHandler
                0x08100b98                DMA1_Stream5_IRQHandler
                0x08100b98                BDMA_Channel1_IRQHandler
                0x08100b98                HRTIM1_TIMD_IRQHandler
                0x08100b98                TAMP_STAMP_IRQHandler
                0x08100b98                EXTI3_IRQHandler
                0x08100b98                LPTIM4_IRQHandler
                0x08100b98                TIM8_TRG_COM_TIM14_IRQHandler
                0x08100b98                LPTIM2_IRQHandler
                0x08100b98                DFSDM1_FLT1_IRQHandler
                0x08100b98                DMAMUX2_OVR_IRQHandler
                0x08100b98                TIM8_UP_TIM13_IRQHandler
                0x08100b98                I2C3_ER_IRQHandler
                0x08100b98                DFSDM1_FLT2_IRQHandler
                0x08100b98                MDMA_IRQHandler
                0x08100b98                LPTIM3_IRQHandler
                0x08100b98                HSEM1_IRQHandler
                0x08100b98                EXTI0_IRQHandler
                0x08100b98                I2C2_EV_IRQHandler
                0x08100b98                DMA1_Stream2_IRQHandler
                0x08100b98                FPU_IRQHandler
                0x08100b98                OTG_HS_WKUP_IRQHandler
                0x08100b98                FDCAN1_IT1_IRQHandler
                0x08100b98                LTDC_ER_IRQHandler
                0x08100b98                DMA2_Stream2_IRQHandler
                0x08100b98                HRTIM1_TIME_IRQHandler
                0x08100b98                SPI1_IRQHandler
                0x08100b98                TIM6_DAC_IRQHandler
                0x08100b98                DCMI_IRQHandler
                0x08100b98                HRTIM1_TIMC_IRQHandler
                0x08100b98                DMA2_Stream3_IRQHandler
                0x08100b98                SAI2_IRQHandler
                0x08100b98                DFSDM1_FLT3_IRQHandler
                0x08100b98                USART6_IRQHandler
                0x08100b98                TIM17_IRQHandler
                0x08100b98                USART3_IRQHandler
                0x08100b98                BDMA_Channel7_IRQHandler
                0x08100b98                CRYP_IRQHandler
                0x08100b98                LPTIM5_IRQHandler
                0x08100b98                UART5_IRQHandler
                0x08100b98                ADC3_IRQHandler
                0x08100b98                DMA2_Stream0_IRQHandler
                0x08100b98                TIM4_IRQHandler
                0x08100b98                BDMA_Channel2_IRQHandler
                0x08100b98                QUADSPI_IRQHandler
                0x08100b98                I2C1_EV_IRQHandler
                0x08100b98                DMA1_Stream6_IRQHandler
                0x08100b98                DMAMUX1_OVR_IRQHandler
                0x08100b98                DMA1_Stream1_IRQHandler
                0x08100b98                TIM16_IRQHandler
                0x08100b98                UART4_IRQHandler
                0x08100b98                BDMA_Channel5_IRQHandler
                0x08100b98                TIM3_IRQHandler
                0x08100b98                RCC_IRQHandler
                0x08100b98                TIM8_BRK_TIM12_IRQHandler
                0x08100b98                TIM1_TRG_COM_IRQHandler
                0x08100b98                Default_Handler
                0x08100b98                ECC_IRQHandler
                0x08100b98                CEC_IRQHandler
                0x08100b98                EXTI15_10_IRQHandler
                0x08100b98                BDMA_Channel0_IRQHandler
                0x08100b98                ADC_IRQHandler
                0x08100b98                DMA1_Stream7_IRQHandler
                0x08100b98                HRTIM1_TIMA_IRQHandler
                0x08100b98                SPI5_IRQHandler
                0x08100b98                TIM7_IRQHandler
                0x08100b98                SDMMC1_IRQHandler
                0x08100b98                TIM5_IRQHandler
                0x08100b98                DMA2_Stream7_IRQHandler
                0x08100b98                TIM15_IRQHandler
                0x08100b98                PVD_AVD_IRQHandler
                0x08100b98                I2C3_EV_IRQHandler
                0x08100b98                EXTI9_5_IRQHandler
                0x08100b98                RTC_WKUP_IRQHandler
                0x08100b98                LTDC_IRQHandler
                0x08100b98                SAI3_IRQHandler
                0x08100b98                ETH_WKUP_IRQHandler
                0x08100b98                SPDIF_RX_IRQHandler
                0x08100b98                SPI2_IRQHandler
                0x08100b98                OTG_HS_EP1_IN_IRQHandler
                0x08100b98                DMA1_Stream0_IRQHandler
                0x08100b98                CRS_IRQHandler
                0x08100b98                CM7_SEV_IRQHandler
                0x08100b98                EXTI4_IRQHandler
                0x08100b98                CM4_SEV_IRQHandler
                0x08100b98                HRTIM1_TIMB_IRQHandler
                0x08100b98                FDCAN2_IT1_IRQHandler
                0x08100b98                DSI_IRQHandler
                0x08100b98                ETH_IRQHandler
                0x08100b98                TIM1_UP_IRQHandler
                0x08100b98                WWDG_RST_IRQHandler
                0x08100b98                BDMA_Channel4_IRQHandler
                0x08100b98                OTG_HS_EP1_OUT_IRQHandler
                0x08100b98                WWDG_IRQHandler
                0x08100b98                SPI6_IRQHandler
                0x08100b98                MDIOS_IRQHandler
                0x08100b98                I2C4_EV_IRQHandler
                0x08100b98                FDCAN2_IT0_IRQHandler
                0x08100b98                LPUART1_IRQHandler
                0x08100b98                FDCAN1_IT0_IRQHandler
                0x08100b98                TIM2_IRQHandler
                0x08100b98                OTG_FS_WKUP_IRQHandler
                0x08100b98                OTG_HS_IRQHandler
                0x08100b98                DMA2D_IRQHandler
                0x08100b98                TIM1_BRK_IRQHandler
                0x08100b98                EXTI1_IRQHandler
                0x08100b98                SDMMC2_IRQHandler
                0x08100b98                OTG_FS_EP1_OUT_IRQHandler
                0x08100b98                BDMA_Channel3_IRQHandler
                0x08100b98                HOLD_CORE_IRQHandler
                0x08100b98                UART7_IRQHandler
                0x08100b98                MDIOS_WKUP_IRQHandler
                0x08100b98                USART2_IRQHandler
                0x08100b98                DFSDM1_FLT0_IRQHandler
                0x08100b98                SAI4_IRQHandler
                0x08100b98                I2C2_ER_IRQHandler
                0x08100b98                DMA2_Stream1_IRQHandler
                0x08100b98                FLASH_IRQHandler
                0x08100b98                DMA2_Stream4_IRQHandler
                0x08100b98                USART1_IRQHandler
                0x08100b98                OTG_FS_IRQHandler
                0x08100b98                SPI3_IRQHandler
                0x08100b98                WAKEUP_PIN_IRQHandler
                0x08100b98                DMA1_Stream4_IRQHandler
                0x08100b98                OTG_FS_EP1_IN_IRQHandler
                0x08100b98                I2C1_ER_IRQHandler
                0x08100b98                FMC_IRQHandler
                0x08100b98                FDCAN_CAL_IRQHandler
                0x08100b98                SWPMI1_IRQHandler
                0x08100b98                COMP1_IRQHandler
                0x08100b98                LPTIM1_IRQHandler
                0x08100b98                I2C4_ER_IRQHandler
                0x08100b98                DMA2_Stream6_IRQHandler
                0x08100b98                SAI1_IRQHandler
                0x08100b98                RTC_Alarm_IRQHandler
 *(.glue_7)
 .glue_7        0x08100b9a        0x0 linker stubs
 *(.glue_7t)
 .glue_7t       0x08100b9a        0x0 linker stubs
 *(.eh_frame)
 *fill*         0x08100b9a        0x2 
 .eh_frame      0x08100b9c        0x0 /Users/mac/Library/Application Support/stm32cube/bundles/gnu-tools-for-stm32/13.3.1+st.8/bin/../lib/gcc/arm-none-eabi/13.3.1/thumb/v7e-m+fp/hard/crtbegin.o
 *(.init)
 .init          0x08100b9c        0x4 /Users/mac/Library/Application Support/stm32cube/bundles/gnu-tools-for-stm32/13.3.1+st.8/bin/../lib/gcc/arm-none-eabi/13.3.1/thumb/v7e-m+fp/hard/crti.o
                0x08100b9c                _init
 .init          0x08100ba0        0x8 /Users/mac/Library/Application Support/stm32cube/bundles/gnu-tools-for-stm32/13.3.1+st.8/bin/../lib/gcc/arm-none-eabi/13.3.1/thumb/v7e-m+fp/hard/crtn.o
 *(.fini)
 .fini          0x08100ba8        0x4 /Users/mac/Library/Application Support/stm32cube/bundles/gnu-tools-for-stm32/13.3.1+st.8/bin/../lib/gcc/arm-none-eabi/13.3.1/thumb/v7e-m+fp/hard/crti.o
                0x08100ba8                _fini
 .fini          0x08100bac        0x8 /Users/mac/Library/Application Support/stm32cube/bundles/gnu-tools-for-stm32/13.3.1+st.8/bin/../lib/gcc/arm-none-eabi/13.3.1/thumb/v7e-m+fp/hard/crtn.o
                0x08100bb4                        . = ALIGN (0x4)
                0x08100bb4                        _etext = .

.vfp11_veneer   0x08100bb4        0x0
 .vfp11_veneer  0x08100bb4        0x0 linker stubs

.v4_bx          0x08100bb4        0x0
 .v4_bx         0x08100bb4        0x0 linker stubs

.iplt           0x08100bb4        0x0
 .iplt          0x08100bb4        0x0 /Users/mac/Library/Application Support/stm32cube/bundles/gnu-tools-for-stm32/13.3.1+st.8/bin/../lib/gcc/arm-none-eabi/13.3.1/thumb/v7e-m+fp/hard/crtbegin.o

.rodata         0x08100bb4       0x10
                0x08100bb4                        . = ALIGN (0x4)
 *(.rodata)
 *(.rodata*)
 .rodata.D1CorePrescTable
                0x08100bb4       0x10 CMakeFiles/STM32_Drivers.dir/Users/mac/Documents/again_try/Common/Src/system_stm32h7xx_dualcore_boot_cm4_cm7.c.obj
                0x08100bb4                D1CorePrescTable
                0x08100bc4                        . = ALIGN (0x4)

.ARM.extab
 *(.ARM.extab* .gnu.linkonce.armextab.*)

.ARM            0x08100bc4        0x0
                0x08100bc4                        __exidx_start = .
 *(.ARM.exidx*)
                0x08100bc4                        __exidx_end = .

.preinit_array  0x08100bc4        0x0
                0x08100bc4                        PROVIDE (__preinit_array_start = .)
 *(.preinit_array*)
                0x08100bc4                        PROVIDE (__preinit_array_end = .)

.init_array     0x08100bc4        0x4
                0x08100bc4                        PROVIDE (__init_array_start = .)
 *(SORT_BY_NAME(.init_array.*))
 *(.init_array*)
 .init_array    0x08100bc4        0x4 /Users/mac/Library/Application Support/stm32cube/bundles/gnu-tools-for-stm32/13.3.1+st.8/bin/../lib/gcc/arm-none-eabi/13.3.1/thumb/v7e-m+fp/hard/crtbegin.o
                0x08100bc8                        PROVIDE (__init_array_end = .)

.fini_array     0x08100bc8        0x4
                [!provide]                        PROVIDE (__fini_array_start = .)
 *(SORT_BY_NAME(.fini_array.*))
 *(.fini_array*)
 .fini_array    0x08100bc8        0x4 /Users/mac/Library/Application Support/stm32cube/bundles/gnu-tools-for-stm32/13.3.1+st.8/bin/../lib/gcc/arm-none-eabi/13.3.1/thumb/v7e-m+fp/hard/crtbegin.o
                [!provide]                        PROVIDE (__fini_array_end = .)
                0x08100bcc                        _sidata = LOADADDR (.data)

.rel.dyn        0x08100bcc        0x0
 .rel.iplt      0x08100bcc        0x0 /Users/mac/Library/Application Support/stm32cube/bundles/gnu-tools-for-stm32/13.3.1+st.8/bin/../lib/gcc/arm-none-eabi/13.3.1/thumb/v7e-m+fp/hard/crtbegin.o

.data           0x10000000       0x10 load address 0x08100bcc
                0x10000000                        . = ALIGN (0x4)
                0x10000000                        _sdata = .
 *(.data)
 *(.data*)
 .data.SystemCoreClock
                0x10000000        0x4 CMakeFiles/STM32_Drivers.dir/Users/mac/Documents/again_try/Common/Src/system_stm32h7xx_dualcore_boot_cm4_cm7.c.obj
                0x10000000                SystemCoreClock
 .data.SystemD2Clock
                0x10000004        0x4 CMakeFiles/STM32_Drivers.dir/Users/mac/Documents/again_try/Common/Src/system_stm32h7xx_dualcore_boot_cm4_cm7.c.obj
                0x10000004                SystemD2Clock
 .data.uwTickPrio
                0x10000008        0x4 CMakeFiles/STM32_Drivers.dir/Users/mac/Documents/again_try/Drivers/STM32H7xx_HAL_Driver/Src/stm32h7xx_hal.c.obj
                0x10000008                uwTickPrio
 .data.uwTickFreq
                0x1000000c        0x1 CMakeFiles/STM32_Drivers.dir/Users/mac/Documents/again_try/Drivers/STM32H7xx_HAL_Driver/Src/stm32h7xx_hal.c.obj
                0x1000000c                uwTickFreq
                0x10000010                        . = ALIGN (0x4)
 *fill*         0x1000000d        0x3 
                0x10000010                        _edata = .

.igot.plt       0x10000010        0x0 load address 0x08100bdc
 .igot.plt      0x10000010        0x0 /Users/mac/Library/Application Support/stm32cube/bundles/gnu-tools-for-stm32/13.3.1+st.8/bin/../lib/gcc/arm-none-eabi/13.3.1/thumb/v7e-m+fp/hard/crtbegin.o
                0x10000010                        . = ALIGN (0x4)

.bss            0x10000010       0x20 load address 0x08100bdc
                0x10000010                        _sbss = .
                0x10000010                        __bss_start__ = _sbss
 *(.bss)
 .bss           0x10000010       0x1c /Users/mac/Library/Application Support/stm32cube/bundles/gnu-tools-for-stm32/13.3.1+st.8/bin/../lib/gcc/arm-none-eabi/13.3.1/thumb/v7e-m+fp/hard/crtbegin.o
 *(.bss*)
 .bss.uwTick    0x1000002c        0x4 CMakeFiles/STM32_Drivers.dir/Users/mac/Documents/again_try/Drivers/STM32H7xx_HAL_Driver/Src/stm32h7xx_hal.c.obj
                0x1000002c                uwTick
 *(COMMON)
                0x10000030                        . = ALIGN (0x4)
                0x10000030                        _ebss = .
                0x10000030                        __bss_end__ = _ebss

._user_heap_stack
                0x10000030      0x600 load address 0x08100bdc
                0x10000030                        . = ALIGN (0x8)
                [!provide]                        PROVIDE (end = .)
                0x10000030                        PROVIDE (_end = .)
                0x10000230                        . = (. + _Min_Heap_Size)
 *fill*         0x10000030      0x200 
                0x10000630                        . = (. + _Min_Stack_Size)
 *fill*         0x10000230      0x400 
                0x10000630                        . = ALIGN (0x8)

/DISCARD/
 libc.a(*)
 libm.a(*)
 libgcc.a(*)

.ARM.attributes
                0x00000000       0x30
 *(.ARM.attributes)
 .ARM.attributes
                0x00000000       0x22 /Users/mac/Library/Application Support/stm32cube/bundles/gnu-tools-for-stm32/13.3.1+st.8/bin/../lib/gcc/arm-none-eabi/13.3.1/thumb/v7e-m+fp/hard/crti.o
 .ARM.attributes
                0x00000022       0x34 /Users/mac/Library/Application Support/stm32cube/bundles/gnu-tools-for-stm32/13.3.1+st.8/bin/../lib/gcc/arm-none-eabi/13.3.1/thumb/v7e-m+fp/hard/crtbegin.o
 .ARM.attributes
                0x00000056       0x34 /Users/mac/Library/Application Support/stm32cube/bundles/gnu-tools-for-stm32/13.3.1+st.8/bin/../lib/gcc/arm-none-eabi/13.3.1/../../../../arm-none-eabi/lib/thumb/v7e-m+fp/hard/libc_nano.a(libc_a-init.o)
 .ARM.attributes
                0x0000008a       0x34 CMakeFiles/STM32_Drivers.dir/Users/mac/Documents/again_try/Common/Src/system_stm32h7xx_dualcore_boot_cm4_cm7.c.obj
 .ARM.attributes
                0x000000be       0x34 CMakeFiles/STM32_Drivers.dir/Users/mac/Documents/again_try/Drivers/STM32H7xx_HAL_Driver/Src/stm32h7xx_hal_rcc.c.obj
 .ARM.attributes
                0x000000f2       0x34 CMakeFiles/STM32_Drivers.dir/Users/mac/Documents/again_try/Drivers/STM32H7xx_HAL_Driver/Src/stm32h7xx_hal_hsem.c.obj
 .ARM.attributes
                0x00000126       0x34 CMakeFiles/STM32_Drivers.dir/Users/mac/Documents/again_try/Drivers/STM32H7xx_HAL_Driver/Src/stm32h7xx_hal_cortex.c.obj
 .ARM.attributes
                0x0000015a       0x34 CMakeFiles/STM32_Drivers.dir/Users/mac/Documents/again_try/Drivers/STM32H7xx_HAL_Driver/Src/stm32h7xx_hal.c.obj
 .ARM.attributes
                0x0000018e       0x34 CMakeFiles/again_try_CM4.dir/Core/Src/main.c.obj
 .ARM.attributes
                0x000001c2       0x34 CMakeFiles/again_try_CM4.dir/Core/Src/stm32h7xx_it.c.obj
 .ARM.attributes
                0x000001f6       0x34 CMakeFiles/again_try_CM4.dir/Core/Src/stm32h7xx_hal_msp.c.obj
 .ARM.attributes
                0x0000022a       0x21 CMakeFiles/again_try_CM4.dir/Core/Startup/startup_stm32h757xx_CM4.s.obj
 .ARM.attributes
                0x0000024b       0x22 /Users/mac/Library/Application Support/stm32cube/bundles/gnu-tools-for-stm32/13.3.1+st.8/bin/../lib/gcc/arm-none-eabi/13.3.1/thumb/v7e-m+fp/hard/crtn.o
OUTPUT(again_try_CM4.elf elf32-littlearm)
LOAD linker stubs
LOAD /Users/mac/Library/Application Support/stm32cube/bundles/gnu-tools-for-stm32/13.3.1+st.8/bin/../lib/gcc/arm-none-eabi/13.3.1/../../../../arm-none-eabi/lib/thumb/v7e-m+fp/hard/libc.a
LOAD /Users/mac/Library/Application Support/stm32cube/bundles/gnu-tools-for-stm32/13.3.1+st.8/bin/../lib/gcc/arm-none-eabi/13.3.1/../../../../arm-none-eabi/lib/thumb/v7e-m+fp/hard/libm.a
LOAD /Users/mac/Library/Application Support/stm32cube/bundles/gnu-tools-for-stm32/13.3.1+st.8/bin/../lib/gcc/arm-none-eabi/13.3.1/thumb/v7e-m+fp/hard/libgcc.a

.debug_frame    0x00000000     0x1390
 .debug_frame   0x00000000       0x2c /Users/mac/Library/Application Support/stm32cube/bundles/gnu-tools-for-stm32/13.3.1+st.8/bin/../lib/gcc/arm-none-eabi/13.3.1/../../../../arm-none-eabi/lib/thumb/v7e-m+fp/hard/libc_nano.a(libc_a-init.o)
 .debug_frame   0x0000002c       0x78 CMakeFiles/STM32_Drivers.dir/Users/mac/Documents/again_try/Common/Src/system_stm32h7xx_dualcore_boot_cm4_cm7.c.obj
 .debug_frame   0x000000a4      0x1f8 CMakeFiles/STM32_Drivers.dir/Users/mac/Documents/again_try/Drivers/STM32H7xx_HAL_Driver/Src/stm32h7xx_hal_rcc.c.obj
 .debug_frame   0x0000029c      0x1bc CMakeFiles/STM32_Drivers.dir/Users/mac/Documents/again_try/Drivers/STM32H7xx_HAL_Driver/Src/stm32h7xx_hal_hsem.c.obj
 .debug_frame   0x00000458      0x508 CMakeFiles/STM32_Drivers.dir/Users/mac/Documents/again_try/Drivers/STM32H7xx_HAL_Driver/Src/stm32h7xx_hal_cortex.c.obj
 .debug_frame   0x00000960      0x848 CMakeFiles/STM32_Drivers.dir/Users/mac/Documents/again_try/Drivers/STM32H7xx_HAL_Driver/Src/stm32h7xx_hal.c.obj
 .debug_frame   0x000011a8       0x94 CMakeFiles/again_try_CM4.dir/Core/Src/main.c.obj
 .debug_frame   0x0000123c      0x120 CMakeFiles/again_try_CM4.dir/Core/Src/stm32h7xx_it.c.obj
 .debug_frame   0x0000135c       0x34 CMakeFiles/again_try_CM4.dir/Core/Src/stm32h7xx_hal_msp.c.obj

.debug_info     0x00000000     0x5357
 .debug_info    0x00000000      0x823 CMakeFiles/STM32_Drivers.dir/Users/mac/Documents/again_try/Common/Src/system_stm32h7xx_dualcore_boot_cm4_cm7.c.obj
 .debug_info    0x00000823      0xe67 CMakeFiles/STM32_Drivers.dir/Users/mac/Documents/again_try/Drivers/STM32H7xx_HAL_Driver/Src/stm32h7xx_hal_rcc.c.obj
 .debug_info    0x0000168a      0x3d3 CMakeFiles/STM32_Drivers.dir/Users/mac/Documents/again_try/Drivers/STM32H7xx_HAL_Driver/Src/stm32h7xx_hal_hsem.c.obj
 .debug_info    0x00001a5d      0xf38 CMakeFiles/STM32_Drivers.dir/Users/mac/Documents/again_try/Drivers/STM32H7xx_HAL_Driver/Src/stm32h7xx_hal_cortex.c.obj
 .debug_info    0x00002995     0x17bc CMakeFiles/STM32_Drivers.dir/Users/mac/Documents/again_try/Drivers/STM32H7xx_HAL_Driver/Src/stm32h7xx_hal.c.obj
 .debug_info    0x00004151      0x84b CMakeFiles/again_try_CM4.dir/Core/Src/main.c.obj
 .debug_info    0x0000499c      0x13e CMakeFiles/again_try_CM4.dir/Core/Src/stm32h7xx_it.c.obj
 .debug_info    0x00004ada      0x84d CMakeFiles/again_try_CM4.dir/Core/Src/stm32h7xx_hal_msp.c.obj
 .debug_info    0x00005327       0x30 CMakeFiles/again_try_CM4.dir/Core/Startup/startup_stm32h757xx_CM4.s.obj

.debug_abbrev   0x00000000      0xf75
 .debug_abbrev  0x00000000      0x152 CMakeFiles/STM32_Drivers.dir/Users/mac/Documents/again_try/Common/Src/system_stm32h7xx_dualcore_boot_cm4_cm7.c.obj
 .debug_abbrev  0x00000152      0x2c8 CMakeFiles/STM32_Drivers.dir/Users/mac/Documents/again_try/Drivers/STM32H7xx_HAL_Driver/Src/stm32h7xx_hal_rcc.c.obj
 .debug_abbrev  0x0000041a      0x1d3 CMakeFiles/STM32_Drivers.dir/Users/mac/Documents/again_try/Drivers/STM32H7xx_HAL_Driver/Src/stm32h7xx_hal_hsem.c.obj
 .debug_abbrev  0x000005ed      0x337 CMakeFiles/STM32_Drivers.dir/Users/mac/Documents/again_try/Drivers/STM32H7xx_HAL_Driver/Src/stm32h7xx_hal_cortex.c.obj
 .debug_abbrev  0x00000924      0x29f CMakeFiles/STM32_Drivers.dir/Users/mac/Documents/again_try/Drivers/STM32H7xx_HAL_Driver/Src/stm32h7xx_hal.c.obj
 .debug_abbrev  0x00000bc3      0x1e8 CMakeFiles/again_try_CM4.dir/Core/Src/main.c.obj
 .debug_abbrev  0x00000dab       0x88 CMakeFiles/again_try_CM4.dir/Core/Src/stm32h7xx_it.c.obj
 .debug_abbrev  0x00000e33      0x11e CMakeFiles/again_try_CM4.dir/Core/Src/stm32h7xx_hal_msp.c.obj
 .debug_abbrev  0x00000f51       0x24 CMakeFiles/again_try_CM4.dir/Core/Startup/startup_stm32h757xx_CM4.s.obj

.debug_aranges  0x00000000      0x540
 .debug_aranges
                0x00000000       0x30 CMakeFiles/STM32_Drivers.dir/Users/mac/Documents/again_try/Common/Src/system_stm32h7xx_dualcore_boot_cm4_cm7.c.obj
 .debug_aranges
                0x00000030       0x88 CMakeFiles/STM32_Drivers.dir/Users/mac/Documents/again_try/Drivers/STM32H7xx_HAL_Driver/Src/stm32h7xx_hal_rcc.c.obj
 .debug_aranges
                0x000000b8       0x70 CMakeFiles/STM32_Drivers.dir/Users/mac/Documents/again_try/Drivers/STM32H7xx_HAL_Driver/Src/stm32h7xx_hal_hsem.c.obj
 .debug_aranges
                0x00000128      0x130 CMakeFiles/STM32_Drivers.dir/Users/mac/Documents/again_try/Drivers/STM32H7xx_HAL_Driver/Src/stm32h7xx_hal_cortex.c.obj
 .debug_aranges
                0x00000258      0x200 CMakeFiles/STM32_Drivers.dir/Users/mac/Documents/again_try/Drivers/STM32H7xx_HAL_Driver/Src/stm32h7xx_hal.c.obj
 .debug_aranges
                0x00000458       0x38 CMakeFiles/again_try_CM4.dir/Core/Src/main.c.obj
 .debug_aranges
                0x00000490       0x68 CMakeFiles/again_try_CM4.dir/Core/Src/stm32h7xx_it.c.obj
 .debug_aranges
                0x000004f8       0x20 CMakeFiles/again_try_CM4.dir/Core/Src/stm32h7xx_hal_msp.c.obj
 .debug_aranges
                0x00000518       0x28 CMakeFiles/again_try_CM4.dir/Core/Startup/startup_stm32h757xx_CM4.s.obj

.debug_rnglists
                0x00000000      0x3d2
 .debug_rnglists
                0x00000000       0x20 CMakeFiles/STM32_Drivers.dir/Users/mac/Documents/again_try/Common/Src/system_stm32h7xx_dualcore_boot_cm4_cm7.c.obj
 .debug_rnglists
                0x00000020       0x68 CMakeFiles/STM32_Drivers.dir/Users/mac/Documents/again_try/Drivers/STM32H7xx_HAL_Driver/Src/stm32h7xx_hal_rcc.c.obj
 .debug_rnglists
                0x00000088       0x4f CMakeFiles/STM32_Drivers.dir/Users/mac/Documents/again_try/Drivers/STM32H7xx_HAL_Driver/Src/stm32h7xx_hal_hsem.c.obj
 .debug_rnglists
                0x000000d7       0xe0 CMakeFiles/STM32_Drivers.dir/Users/mac/Documents/again_try/Drivers/STM32H7xx_HAL_Driver/Src/stm32h7xx_hal_cortex.c.obj
 .debug_rnglists
                0x000001b7      0x181 CMakeFiles/STM32_Drivers.dir/Users/mac/Documents/again_try/Drivers/STM32H7xx_HAL_Driver/Src/stm32h7xx_hal.c.obj
 .debug_rnglists
                0x00000338       0x25 CMakeFiles/again_try_CM4.dir/Core/Src/main.c.obj
 .debug_rnglists
                0x0000035d       0x49 CMakeFiles/again_try_CM4.dir/Core/Src/stm32h7xx_it.c.obj
 .debug_rnglists
                0x000003a6       0x13 CMakeFiles/again_try_CM4.dir/Core/Src/stm32h7xx_hal_msp.c.obj
 .debug_rnglists
                0x000003b9       0x19 CMakeFiles/again_try_CM4.dir/Core/Startup/startup_stm32h757xx_CM4.s.obj

.debug_macro    0x00000000    0x3d1e7
 .debug_macro   0x00000000      0x273 CMakeFiles/STM32_Drivers.dir/Users/mac/Documents/again_try/Common/Src/system_stm32h7xx_dualcore_boot_cm4_cm7.c.obj
 .debug_macro   0x00000273      0xae4 CMakeFiles/STM32_Drivers.dir/Users/mac/Documents/again_try/Common/Src/system_stm32h7xx_dualcore_boot_cm4_cm7.c.obj
 .debug_macro   0x00000d57       0x2e CMakeFiles/STM32_Drivers.dir/Users/mac/Documents/again_try/Common/Src/system_stm32h7xx_dualcore_boot_cm4_cm7.c.obj
 .debug_macro   0x00000d85       0x3b CMakeFiles/STM32_Drivers.dir/Users/mac/Documents/again_try/Common/Src/system_stm32h7xx_dualcore_boot_cm4_cm7.c.obj
 .debug_macro   0x00000dc0       0x22 CMakeFiles/STM32_Drivers.dir/Users/mac/Documents/again_try/Common/Src/system_stm32h7xx_dualcore_boot_cm4_cm7.c.obj
 .debug_macro   0x00000de2       0x8e CMakeFiles/STM32_Drivers.dir/Users/mac/Documents/again_try/Common/Src/system_stm32h7xx_dualcore_boot_cm4_cm7.c.obj
 .debug_macro   0x00000e70       0x51 CMakeFiles/STM32_Drivers.dir/Users/mac/Documents/again_try/Common/Src/system_stm32h7xx_dualcore_boot_cm4_cm7.c.obj
 .debug_macro   0x00000ec1      0x103 CMakeFiles/STM32_Drivers.dir/Users/mac/Documents/again_try/Common/Src/system_stm32h7xx_dualcore_boot_cm4_cm7.c.obj
 .debug_macro   0x00000fc4       0x6a CMakeFiles/STM32_Drivers.dir/Users/mac/Documents/again_try/Common/Src/system_stm32h7xx_dualcore_boot_cm4_cm7.c.obj
 .debug_macro   0x0000102e      0x1df CMakeFiles/STM32_Drivers.dir/Users/mac/Documents/again_try/Common/Src/system_stm32h7xx_dualcore_boot_cm4_cm7.c.obj
 .debug_macro   0x0000120d       0x1c CMakeFiles/STM32_Drivers.dir/Users/mac/Documents/again_try/Common/Src/system_stm32h7xx_dualcore_boot_cm4_cm7.c.obj
 .debug_macro   0x00001229       0x22 CMakeFiles/STM32_Drivers.dir/Users/mac/Documents/again_try/Common/Src/system_stm32h7xx_dualcore_boot_cm4_cm7.c.obj
 .debug_macro   0x0000124b       0xfb CMakeFiles/STM32_Drivers.dir/Users/mac/Documents/again_try/Common/Src/system_stm32h7xx_dualcore_boot_cm4_cm7.c.obj
 .debug_macro   0x00001346     0x1011 CMakeFiles/STM32_Drivers.dir/Users/mac/Documents/again_try/Common/Src/system_stm32h7xx_dualcore_boot_cm4_cm7.c.obj
 .debug_macro   0x00002357      0x11f CMakeFiles/STM32_Drivers.dir/Users/mac/Documents/again_try/Common/Src/system_stm32h7xx_dualcore_boot_cm4_cm7.c.obj
 .debug_macro   0x00002476    0x2d06f CMakeFiles/STM32_Drivers.dir/Users/mac/Documents/again_try/Common/Src/system_stm32h7xx_dualcore_boot_cm4_cm7.c.obj
 .debug_macro   0x0002f4e5       0x6d CMakeFiles/STM32_Drivers.dir/Users/mac/Documents/again_try/Common/Src/system_stm32h7xx_dualcore_boot_cm4_cm7.c.obj
 .debug_macro   0x0002f552      0x22c CMakeFiles/STM32_Drivers.dir/Users/mac/Documents/again_try/Common/Src/system_stm32h7xx_dualcore_boot_cm4_cm7.c.obj
 .debug_macro   0x0002f77e     0x3d79 CMakeFiles/STM32_Drivers.dir/Users/mac/Documents/again_try/Common/Src/system_stm32h7xx_dualcore_boot_cm4_cm7.c.obj
 .debug_macro   0x000334f7      0x190 CMakeFiles/STM32_Drivers.dir/Users/mac/Documents/again_try/Common/Src/system_stm32h7xx_dualcore_boot_cm4_cm7.c.obj
 .debug_macro   0x00033687       0x74 CMakeFiles/STM32_Drivers.dir/Users/mac/Documents/again_try/Common/Src/system_stm32h7xx_dualcore_boot_cm4_cm7.c.obj
 .debug_macro   0x000336fb       0x2a CMakeFiles/STM32_Drivers.dir/Users/mac/Documents/again_try/Common/Src/system_stm32h7xx_dualcore_boot_cm4_cm7.c.obj
 .debug_macro   0x00033725       0x3c CMakeFiles/STM32_Drivers.dir/Users/mac/Documents/again_try/Common/Src/system_stm32h7xx_dualcore_boot_cm4_cm7.c.obj
 .debug_macro   0x00033761       0x34 CMakeFiles/STM32_Drivers.dir/Users/mac/Documents/again_try/Common/Src/system_stm32h7xx_dualcore_boot_cm4_cm7.c.obj
 .debug_macro   0x00033795      0x370 CMakeFiles/STM32_Drivers.dir/Users/mac/Documents/again_try/Common/Src/system_stm32h7xx_dualcore_boot_cm4_cm7.c.obj
 .debug_macro   0x00033b05       0x16 CMakeFiles/STM32_Drivers.dir/Users/mac/Documents/again_try/Common/Src/system_stm32h7xx_dualcore_boot_cm4_cm7.c.obj
 .debug_macro   0x00033b1b       0x4a CMakeFiles/STM32_Drivers.dir/Users/mac/Documents/again_try/Common/Src/system_stm32h7xx_dualcore_boot_cm4_cm7.c.obj
 .debug_macro   0x00033b65       0x34 CMakeFiles/STM32_Drivers.dir/Users/mac/Documents/again_try/Common/Src/system_stm32h7xx_dualcore_boot_cm4_cm7.c.obj
 .debug_macro   0x00033b99       0x10 CMakeFiles/STM32_Drivers.dir/Users/mac/Documents/again_try/Common/Src/system_stm32h7xx_dualcore_boot_cm4_cm7.c.obj
 .debug_macro   0x00033ba9       0x58 CMakeFiles/STM32_Drivers.dir/Users/mac/Documents/again_try/Common/Src/system_stm32h7xx_dualcore_boot_cm4_cm7.c.obj
 .debug_macro   0x00033c01      0x1e5 CMakeFiles/STM32_Drivers.dir/Users/mac/Documents/again_try/Common/Src/system_stm32h7xx_dualcore_boot_cm4_cm7.c.obj
 .debug_macro   0x00033de6      0x19b CMakeFiles/STM32_Drivers.dir/Users/mac/Documents/again_try/Common/Src/system_stm32h7xx_dualcore_boot_cm4_cm7.c.obj
 .debug_macro   0x00033f81       0x5d CMakeFiles/STM32_Drivers.dir/Users/mac/Documents/again_try/Common/Src/system_stm32h7xx_dualcore_boot_cm4_cm7.c.obj
 .debug_macro   0x00033fde     0x3bdf CMakeFiles/STM32_Drivers.dir/Users/mac/Documents/again_try/Common/Src/system_stm32h7xx_dualcore_boot_cm4_cm7.c.obj
 .debug_macro   0x00037bbd     0x1095 CMakeFiles/STM32_Drivers.dir/Users/mac/Documents/again_try/Common/Src/system_stm32h7xx_dualcore_boot_cm4_cm7.c.obj
 .debug_macro   0x00038c52      0x154 CMakeFiles/STM32_Drivers.dir/Users/mac/Documents/again_try/Common/Src/system_stm32h7xx_dualcore_boot_cm4_cm7.c.obj
 .debug_macro   0x00038da6      0x130 CMakeFiles/STM32_Drivers.dir/Users/mac/Documents/again_try/Common/Src/system_stm32h7xx_dualcore_boot_cm4_cm7.c.obj
 .debug_macro   0x00038ed6      0x3c9 CMakeFiles/STM32_Drivers.dir/Users/mac/Documents/again_try/Common/Src/system_stm32h7xx_dualcore_boot_cm4_cm7.c.obj
 .debug_macro   0x0003929f       0xac CMakeFiles/STM32_Drivers.dir/Users/mac/Documents/again_try/Common/Src/system_stm32h7xx_dualcore_boot_cm4_cm7.c.obj
 .debug_macro   0x0003934b      0x72d CMakeFiles/STM32_Drivers.dir/Users/mac/Documents/again_try/Common/Src/system_stm32h7xx_dualcore_boot_cm4_cm7.c.obj
 .debug_macro   0x00039a78      0x228 CMakeFiles/STM32_Drivers.dir/Users/mac/Documents/again_try/Common/Src/system_stm32h7xx_dualcore_boot_cm4_cm7.c.obj
 .debug_macro   0x00039ca0       0x66 CMakeFiles/STM32_Drivers.dir/Users/mac/Documents/again_try/Common/Src/system_stm32h7xx_dualcore_boot_cm4_cm7.c.obj
 .debug_macro   0x00039d06      0x3c9 CMakeFiles/STM32_Drivers.dir/Users/mac/Documents/again_try/Common/Src/system_stm32h7xx_dualcore_boot_cm4_cm7.c.obj
 .debug_macro   0x0003a0cf      0x407 CMakeFiles/STM32_Drivers.dir/Users/mac/Documents/again_try/Common/Src/system_stm32h7xx_dualcore_boot_cm4_cm7.c.obj
 .debug_macro   0x0003a4d6      0x244 CMakeFiles/STM32_Drivers.dir/Users/mac/Documents/again_try/Common/Src/system_stm32h7xx_dualcore_boot_cm4_cm7.c.obj
 .debug_macro   0x0003a71a      0x3ca CMakeFiles/STM32_Drivers.dir/Users/mac/Documents/again_try/Common/Src/system_stm32h7xx_dualcore_boot_cm4_cm7.c.obj
 .debug_macro   0x0003aae4      0x4a2 CMakeFiles/STM32_Drivers.dir/Users/mac/Documents/again_try/Common/Src/system_stm32h7xx_dualcore_boot_cm4_cm7.c.obj
 .debug_macro   0x0003af86       0x51 CMakeFiles/STM32_Drivers.dir/Users/mac/Documents/again_try/Common/Src/system_stm32h7xx_dualcore_boot_cm4_cm7.c.obj
 .debug_macro   0x0003afd7       0x4a CMakeFiles/STM32_Drivers.dir/Users/mac/Documents/again_try/Common/Src/system_stm32h7xx_dualcore_boot_cm4_cm7.c.obj
 .debug_macro   0x0003b021      0x22c CMakeFiles/STM32_Drivers.dir/Users/mac/Documents/again_try/Common/Src/system_stm32h7xx_dualcore_boot_cm4_cm7.c.obj
 .debug_macro   0x0003b24d       0x67 CMakeFiles/STM32_Drivers.dir/Users/mac/Documents/again_try/Common/Src/system_stm32h7xx_dualcore_boot_cm4_cm7.c.obj
 .debug_macro   0x0003b2b4       0xa5 CMakeFiles/STM32_Drivers.dir/Users/mac/Documents/again_try/Common/Src/system_stm32h7xx_dualcore_boot_cm4_cm7.c.obj
 .debug_macro   0x0003b359      0x218 CMakeFiles/STM32_Drivers.dir/Users/mac/Documents/again_try/Common/Src/system_stm32h7xx_dualcore_boot_cm4_cm7.c.obj
 .debug_macro   0x0003b571      0x2ea CMakeFiles/STM32_Drivers.dir/Users/mac/Documents/again_try/Common/Src/system_stm32h7xx_dualcore_boot_cm4_cm7.c.obj
 .debug_macro   0x0003b85b       0x35 CMakeFiles/STM32_Drivers.dir/Users/mac/Documents/again_try/Common/Src/system_stm32h7xx_dualcore_boot_cm4_cm7.c.obj
 .debug_macro   0x0003b890      0x7a4 CMakeFiles/STM32_Drivers.dir/Users/mac/Documents/again_try/Common/Src/system_stm32h7xx_dualcore_boot_cm4_cm7.c.obj
 .debug_macro   0x0003c034      0x297 CMakeFiles/STM32_Drivers.dir/Users/mac/Documents/again_try/Drivers/STM32H7xx_HAL_Driver/Src/stm32h7xx_hal_rcc.c.obj
 .debug_macro   0x0003c2cb      0x285 CMakeFiles/STM32_Drivers.dir/Users/mac/Documents/again_try/Drivers/STM32H7xx_HAL_Driver/Src/stm32h7xx_hal_hsem.c.obj
 .debug_macro   0x0003c550      0x273 CMakeFiles/STM32_Drivers.dir/Users/mac/Documents/again_try/Drivers/STM32H7xx_HAL_Driver/Src/stm32h7xx_hal_cortex.c.obj
 .debug_macro   0x0003c7c3      0x29d CMakeFiles/STM32_Drivers.dir/Users/mac/Documents/again_try/Drivers/STM32H7xx_HAL_Driver/Src/stm32h7xx_hal.c.obj
 .debug_macro   0x0003ca60      0x283 CMakeFiles/again_try_CM4.dir/Core/Src/main.c.obj
 .debug_macro   0x0003cce3      0x287 CMakeFiles/again_try_CM4.dir/Core/Src/stm32h7xx_it.c.obj
 .debug_macro   0x0003cf6a      0x27d CMakeFiles/again_try_CM4.dir/Core/Src/stm32h7xx_hal_msp.c.obj

.debug_line     0x00000000     0x5604
 .debug_line    0x00000000      0x885 CMakeFiles/STM32_Drivers.dir/Users/mac/Documents/again_try/Common/Src/system_stm32h7xx_dualcore_boot_cm4_cm7.c.obj
 .debug_line    0x00000885     0x1376 CMakeFiles/STM32_Drivers.dir/Users/mac/Documents/again_try/Drivers/STM32H7xx_HAL_Driver/Src/stm32h7xx_hal_rcc.c.obj
 .debug_line    0x00001bfb      0x86d CMakeFiles/STM32_Drivers.dir/Users/mac/Documents/again_try/Drivers/STM32H7xx_HAL_Driver/Src/stm32h7xx_hal_hsem.c.obj
 .debug_line    0x00002468      0xcc5 CMakeFiles/STM32_Drivers.dir/Users/mac/Documents/again_try/Drivers/STM32H7xx_HAL_Driver/Src/stm32h7xx_hal_cortex.c.obj
 .debug_line    0x0000312d      0xe31 CMakeFiles/STM32_Drivers.dir/Users/mac/Documents/again_try/Drivers/STM32H7xx_HAL_Driver/Src/stm32h7xx_hal.c.obj
 .debug_line    0x00003f5e      0x76d CMakeFiles/again_try_CM4.dir/Core/Src/main.c.obj
 .debug_line    0x000046cb      0x7c2 CMakeFiles/again_try_CM4.dir/Core/Src/stm32h7xx_it.c.obj
 .debug_line    0x00004e8d      0x6fc CMakeFiles/again_try_CM4.dir/Core/Src/stm32h7xx_hal_msp.c.obj
 .debug_line    0x00005589       0x7b CMakeFiles/again_try_CM4.dir/Core/Startup/startup_stm32h757xx_CM4.s.obj

.debug_str      0x00000000   0x18db50
 .debug_str     0x00000000   0x18db50 CMakeFiles/STM32_Drivers.dir/Users/mac/Documents/again_try/Common/Src/system_stm32h7xx_dualcore_boot_cm4_cm7.c.obj
                             0x18bb89 (size before relaxing)
 .debug_str     0x0018db50   0x18c119 CMakeFiles/STM32_Drivers.dir/Users/mac/Documents/again_try/Drivers/STM32H7xx_HAL_Driver/Src/stm32h7xx_hal_rcc.c.obj
 .debug_str     0x0018db50   0x18ba23 CMakeFiles/STM32_Drivers.dir/Users/mac/Documents/again_try/Drivers/STM32H7xx_HAL_Driver/Src/stm32h7xx_hal_hsem.c.obj
 .debug_str     0x0018db50   0x18c648 CMakeFiles/STM32_Drivers.dir/Users/mac/Documents/again_try/Drivers/STM32H7xx_HAL_Driver/Src/stm32h7xx_hal_cortex.c.obj
 .debug_str     0x0018db50   0x18cec2 CMakeFiles/STM32_Drivers.dir/Users/mac/Documents/again_try/Drivers/STM32H7xx_HAL_Driver/Src/stm32h7xx_hal.c.obj
 .debug_str     0x0018db50   0x18be3e CMakeFiles/again_try_CM4.dir/Core/Src/main.c.obj
 .debug_str     0x0018db50   0x18b8c0 CMakeFiles/again_try_CM4.dir/Core/Src/stm32h7xx_it.c.obj
 .debug_str     0x0018db50   0x18c2e5 CMakeFiles/again_try_CM4.dir/Core/Src/stm32h7xx_hal_msp.c.obj
 .debug_str     0x0018db50       0x8f CMakeFiles/again_try_CM4.dir/Core/Startup/startup_stm32h757xx_CM4.s.obj

.comment        0x00000000       0x43
 .comment       0x00000000       0x43 CMakeFiles/STM32_Drivers.dir/Users/mac/Documents/again_try/Common/Src/system_stm32h7xx_dualcore_boot_cm4_cm7.c.obj
                                 0x44 (size before relaxing)
 .comment       0x00000043       0x44 CMakeFiles/STM32_Drivers.dir/Users/mac/Documents/again_try/Drivers/STM32H7xx_HAL_Driver/Src/stm32h7xx_hal_rcc.c.obj
 .comment       0x00000043       0x44 CMakeFiles/STM32_Drivers.dir/Users/mac/Documents/again_try/Drivers/STM32H7xx_HAL_Driver/Src/stm32h7xx_hal_hsem.c.obj
 .comment       0x00000043       0x44 CMakeFiles/STM32_Drivers.dir/Users/mac/Documents/again_try/Drivers/STM32H7xx_HAL_Driver/Src/stm32h7xx_hal_cortex.c.obj
 .comment       0x00000043       0x44 CMakeFiles/STM32_Drivers.dir/Users/mac/Documents/again_try/Drivers/STM32H7xx_HAL_Driver/Src/stm32h7xx_hal.c.obj
 .comment       0x00000043       0x44 CMakeFiles/again_try_CM4.dir/Core/Src/main.c.obj
 .comment       0x00000043       0x44 CMakeFiles/again_try_CM4.dir/Core/Src/stm32h7xx_it.c.obj
 .comment       0x00000043       0x44 CMakeFiles/again_try_CM4.dir/Core/Src/stm32h7xx_hal_msp.c.obj

.debug_line_str
                0x00000000       0x73
 .debug_line_str
                0x00000000       0x73 CMakeFiles/again_try_CM4.dir/Core/Startup/startup_stm32h757xx_CM4.s.obj
